// Jest Snapshot v1, https://goo.gl/fbAQLP

exports[`Pruebas en <SearchScreen /> debe de mostrarse correactamente con valores por defecto 1`] = `
<div>
  <h1>
     Búsquedas 
  </h1>
  <hr />
  <div
    class="row"
  >
    <div
      class="col-5"
    >
      <h4>
        Buscar
      </h4>
      <hr />
      <form
        name="form"
      >
        <input
          autocomplete="off"
          class="form-control"
          name="searchText"
          placeholder="Buscar un heroe"
          type="text"
          value=""
        />
        <button
          class="btn btn-outline-primary mt-1"
          type="submit"
        >
          Buscar...
        </button>
      </form>
    </div>
    <div
      class="col-7"
    >
      <h4>
        Resultados
      </h4>
      <hr />
      <div
        class="alert alert-info"
      >
        Buscar un héroe
      </div>
      <div
        aria-label="alert-danger"
        class="alert alert-danger"
        style="display: none;"
      >
        No hay Resultados de '
        '
      </div>
    </div>
  </div>
</div>
`;
